core_cm0.h:629:22:NVIC_EnableIRQ	16	static
core_cm0.h:640:22:NVIC_DisableIRQ	16	static
core_cm0.h:653:26:NVIC_GetPendingIRQ	16	static
core_cm0.h:664:22:NVIC_SetPendingIRQ	16	static
core_cm0.h:675:22:NVIC_ClearPendingIRQ	16	static
core_cm0.h:688:22:NVIC_SetPriority	24	static
core_cm0.h:712:26:NVIC_GetPriority	16	static
core_cm0.h:730:22:NVIC_SystemReset	8	static,ignoring_inline_asm
core_cm0.h:769:26:SysTick_Config	16	static
stm32f0xx_hal_cortex.c:136:6:HAL_NVIC_SetPriority	24	static
stm32f0xx_hal_cortex.c:152:6:HAL_NVIC_EnableIRQ	16	static
stm32f0xx_hal_cortex.c:168:6:HAL_NVIC_DisableIRQ	16	static
stm32f0xx_hal_cortex.c:181:6:HAL_NVIC_SystemReset	8	static
stm32f0xx_hal_cortex.c:194:10:HAL_SYSTICK_Config	16	static
stm32f0xx_hal_cortex.c:226:10:HAL_NVIC_GetPriority	16	static
stm32f0xx_hal_cortex.c:239:6:HAL_NVIC_SetPendingIRQ	16	static
stm32f0xx_hal_cortex.c:257:10:HAL_NVIC_GetPendingIRQ	16	static
stm32f0xx_hal_cortex.c:273:6:HAL_NVIC_ClearPendingIRQ	16	static
stm32f0xx_hal_cortex.c:290:6:HAL_SYSTICK_CLKSourceConfig	16	static
stm32f0xx_hal_cortex.c:308:6:HAL_SYSTICK_IRQHandler	8	static
stm32f0xx_hal_cortex.c:317:13:HAL_SYSTICK_Callback	8	static
